\BOOKMARK [0][-]{chapter*.1}{\376\377\005\352\005\347\005\346\005\331\005\350}{}% 1
\BOOKMARK [0][-]{chapter*.2}{\376\377\000A\000b\000s\000t\000r\000a\000c\000t}{}% 2
\BOOKMARK [0][-]{chapter*.3}{\376\377\000K\000e\000y\000w\000o\000r\000d\000s}{}% 3
\BOOKMARK [0][-]{chapter*.7}{\376\377\000A\000b\000b\000r\000e\000v\000i\000a\000t\000i\000o\000n\000s}{}% 4
\BOOKMARK [0][-]{chapter*.9}{\376\377\000N\000o\000t\000a\000t\000i\000o\000n\000\040\000a\000n\000d\000\040\000S\000y\000m\000b\000o\000l\000s}{}% 5
\BOOKMARK [0][-]{chapter.13}{\376\377\000I\000n\000t\000r\000o\000d\000u\000c\000t\000i\000o\000n}{}% 6
\BOOKMARK [1][-]{section.14}{\376\377\000T\000h\000e\000\040\000C\000a\000u\000s\000a\000l\000-\000E\000s\000t\000i\000m\000a\000t\000o\000r\000\040\000E\000v\000a\000l\000u\000a\000t\000i\000o\000n\000\040\000P\000r\000o\000b\000l\000e\000m}{chapter.13}% 7
\BOOKMARK [1][-]{section.15}{\376\377\000O\000b\000s\000e\000r\000v\000a\000t\000i\000o\000n\000a\000l\000\040\000F\000i\000d\000e\000l\000i\000t\000y\000\040\000i\000n\000\040\000I\000r\000r\000e\000g\000u\000l\000a\000r\000\040\000I\000C\000U\000\040\000R\000e\000c\000o\000r\000d\000s}{chapter.13}% 8
\BOOKMARK [1][-]{section.16}{\376\377\000R\000e\000p\000r\000e\000s\000e\000n\000t\000a\000t\000i\000o\000n\000-\000C\000e\000n\000t\000e\000r\000e\000d\000\040\000O\000b\000s\000e\000r\000v\000a\000t\000i\000o\000n\000a\000l\000\040\000T\000e\000s\000t\000b\000e\000d\000s}{chapter.13}% 9
\BOOKMARK [1][-]{section.18}{\376\377\000T\000h\000e\000s\000i\000s\000\040\000G\000a\000p\000\040\000a\000n\000d\000\040\000O\000b\000j\000e\000c\000t\000i\000v\000e}{chapter.13}% 10
\BOOKMARK [1][-]{section.19}{\376\377\000R\000e\000s\000e\000a\000r\000c\000h\000\040\000Q\000u\000e\000s\000t\000i\000o\000n\000s\000\040\000a\000n\000d\000\040\000C\000o\000n\000t\000r\000i\000b\000u\000t\000i\000o\000n\000s}{chapter.13}% 11
\BOOKMARK [1][-]{section.20}{\376\377\000T\000h\000e\000s\000i\000s\000\040\000O\000r\000g\000a\000n\000i\000z\000a\000t\000i\000o\000n}{chapter.13}% 12
\BOOKMARK [0][-]{chapter.21}{\376\377\000B\000a\000c\000k\000g\000r\000o\000u\000n\000d\000\040\000a\000n\000d\000\040\000R\000e\000l\000a\000t\000e\000d\000\040\000W\000o\000r\000k}{}% 13
\BOOKMARK [1][-]{section.22}{\376\377\000C\000a\000u\000s\000a\000l\000-\000E\000s\000t\000i\000m\000a\000t\000o\000r\000\040\000E\000v\000a\000l\000u\000a\000t\000i\000o\000n\000:\000\040\000C\000o\000n\000t\000r\000o\000l\000\040\000a\000n\000d\000\040\000O\000b\000s\000e\000r\000v\000a\000t\000i\000o\000n\000a\000l\000\040\000F\000i\000d\000e\000l\000i\000t\000y}{chapter.21}% 14
\BOOKMARK [2][-]{subsection.23}{\376\377\000C\000o\000n\000t\000r\000o\000l\000l\000e\000d\000\040\000a\000n\000s\000w\000e\000r\000-\000k\000e\000y\000\040\000d\000e\000s\000i\000g\000n\000s}{section.22}% 15
\BOOKMARK [2][-]{subsection.24}{\376\377\000O\000b\000s\000e\000r\000v\000a\000t\000i\000o\000n\000a\000l\000\040\000t\000e\000s\000t\000b\000e\000d\000s\000\040\000f\000r\000o\000m\000\040\000s\000o\000u\000r\000c\000e\000-\000r\000e\000c\000o\000r\000d\000e\000d\000\040\000d\000a\000t\000a}{section.22}% 16
\BOOKMARK [1][-]{section.25}{\376\377\000I\000C\000U\000\040\000E\000H\000R\000\040\000D\000a\000t\000a\000s\000e\000t\000s\000\040\000a\000n\000d\000\040\000I\000r\000r\000e\000g\000u\000l\000a\000r\000\040\000S\000a\000m\000p\000l\000i\000n\000g}{chapter.21}% 17
\BOOKMARK [2][-]{subsection.26}{\376\377\000I\000r\000r\000e\000g\000u\000l\000a\000r\000\040\000m\000e\000a\000s\000u\000r\000e\000m\000e\000n\000t\000\040\000a\000n\000d\000\040\000o\000b\000s\000e\000r\000v\000a\000t\000i\000o\000n}{section.25}% 18
\BOOKMARK [2][-]{subsection.27}{\376\377\000P\000h\000y\000s\000i\000o\000N\000e\000t\000\040\0002\0000\0001\0002\000\040\000a\000n\000d\000\040\000M\000I\000M\000I\000C\000-\000I\000I\000I}{section.25}% 19
\BOOKMARK [1][-]{section.28}{\376\377\000I\000r\000r\000e\000g\000u\000l\000a\000r\000\040\000T\000i\000m\000e\000-\000S\000e\000r\000i\000e\000s\000\040\000R\000e\000p\000r\000e\000s\000e\000n\000t\000a\000t\000i\000o\000n\000\040\000M\000o\000d\000e\000l\000s}{chapter.21}% 20
\BOOKMARK [2][-]{subsection.29}{\376\377\000R\000e\000p\000r\000e\000s\000e\000n\000t\000a\000t\000i\000o\000n\000\040\000c\000h\000a\000l\000l\000e\000n\000g\000e\000s\000\040\000a\000n\000d\000\040\000d\000e\000s\000i\000g\000n\000\040\000c\000h\000o\000i\000c\000e\000s}{section.28}% 21
\BOOKMARK [2][-]{subsection.30}{\376\377\000R\000e\000c\000u\000r\000r\000e\000n\000t\000\040\000b\000a\000s\000e\000l\000i\000n\000e\000s\000:\000\040\000G\000R\000U\000\040\000a\000n\000d\000\040\000G\000R\000U\000-\000D}{section.28}% 22
\BOOKMARK [2][-]{subsection.31}{\376\377\000T\000e\000m\000p\000o\000r\000a\000l\000\040\000c\000o\000n\000v\000o\000l\000u\000t\000i\000o\000n\000:\000\040\000T\000C\000N}{section.28}% 23
\BOOKMARK [2][-]{subsection.32}{\376\377\000S\000p\000a\000r\000s\000e\000-\000e\000v\000e\000n\000t\000\040\000t\000r\000a\000n\000s\000f\000o\000r\000m\000e\000r\000\040\000m\000o\000d\000e\000l\000i\000n\000g\000:\000\040\000S\000T\000r\000a\000T\000S}{section.28}% 24
\BOOKMARK [2][-]{subsection.33}{\376\377\000R\000e\000l\000a\000t\000i\000o\000n\000s\000h\000i\000p\000\040\000a\000m\000o\000n\000g\000\040\000t\000h\000e\000\040\000f\000o\000u\000r\000\040\000i\000n\000c\000l\000u\000d\000e\000d\000\040\000m\000o\000d\000e\000l\000\040\000f\000a\000m\000i\000l\000i\000e\000s}{section.28}% 25
\BOOKMARK [1][-]{section.34}{\376\377\000P\000r\000o\000x\000y\000\040\000P\000h\000e\000n\000o\000t\000y\000p\000i\000n\000g\000\040\000a\000n\000d\000\040\000W\000e\000a\000k\000\040\000S\000u\000p\000e\000r\000v\000i\000s\000i\000o\000n}{chapter.21}% 26
\BOOKMARK [2][-]{subsection.35}{\376\377\000E\000l\000e\000c\000t\000r\000o\000n\000i\000c\000\040\000p\000h\000e\000n\000o\000t\000y\000p\000i\000n\000g\000\040\000a\000n\000d\000\040\000r\000u\000l\000e\000-\000d\000e\000r\000i\000v\000e\000d\000\040\000l\000a\000b\000e\000l\000s}{section.34}% 27
\BOOKMARK [2][-]{subsection.36}{\376\377\000C\000l\000i\000n\000i\000c\000a\000l\000-\000d\000e\000f\000i\000n\000i\000t\000i\000o\000n\000\040\000s\000o\000u\000r\000c\000e\000s\000\040\000a\000n\000d\000\040\000a\000p\000p\000r\000o\000x\000i\000m\000a\000t\000i\000o\000n}{section.34}% 28
\BOOKMARK [2][-]{subsection.37}{\376\377\000W\000e\000a\000k\000\040\000s\000u\000p\000e\000r\000v\000i\000s\000i\000o\000n\000\040\000a\000n\000d\000\040\000l\000a\000b\000e\000l\000\040\000a\000g\000g\000r\000e\000g\000a\000t\000i\000o\000n}{section.34}% 29
\BOOKMARK [2][-]{subsection.38}{\376\377\000I\000m\000p\000l\000i\000c\000a\000t\000i\000o\000n\000s\000\040\000f\000o\000r\000\040\000t\000h\000i\000s\000\040\000t\000h\000e\000s\000i\000s\000'\000s\000\040\000p\000r\000o\000x\000y\000\040\000s\000t\000a\000t\000e\000s}{section.34}% 30
\BOOKMARK [2][-]{subsection.39}{\376\377\000L\000L\000M\000-\000A\000s\000s\000i\000s\000t\000e\000d\000\040\000C\000l\000i\000n\000i\000c\000a\000l\000\040\000a\000n\000d\000\040\000C\000a\000u\000s\000a\000l\000\040\000K\000n\000o\000w\000l\000e\000d\000g\000e\000\040\000E\000l\000i\000c\000i\000t\000a\000t\000i\000o\000n}{section.34}% 31
\BOOKMARK [1][-]{section.40}{\376\377\000C\000a\000u\000s\000a\000l\000\040\000D\000i\000a\000g\000r\000a\000m\000s\000,\000\040\000I\000d\000e\000n\000t\000i\000f\000i\000c\000a\000t\000i\000o\000n\000,\000\040\000H\000T\000E\000,\000\040\000O\000v\000e\000r\000l\000a\000p\000,\000\040\000a\000n\000d\000\040\000S\000e\000n\000s\000i\000t\000i\000v\000i\000t\000y}{chapter.21}% 32
\BOOKMARK [2][-]{subsection.41}{\376\377\000O\000b\000s\000e\000r\000v\000a\000t\000i\000o\000n\000a\000l\000\040\000c\000a\000u\000s\000a\000l\000\040\000q\000u\000e\000s\000t\000i\000o\000n\000s\000\040\000a\000n\000d\000\040\000t\000a\000r\000g\000e\000t\000-\000t\000r\000i\000a\000l\000\040\000t\000h\000i\000n\000k\000i\000n\000g}{section.40}% 33
\BOOKMARK [2][-]{subsection.42}{\376\377\000D\000A\000G\000s\000,\000\040\000b\000a\000c\000k\000d\000o\000o\000r\000\040\000r\000e\000a\000s\000o\000n\000i\000n\000g\000,\000\040\000a\000n\000d\000\040\000a\000d\000j\000u\000s\000t\000m\000e\000n\000t}{section.40}% 34
\BOOKMARK [2][-]{subsection.43}{\376\377\000D\000o\000u\000b\000l\000e\000\040\000m\000a\000c\000h\000i\000n\000e\000\040\000l\000e\000a\000r\000n\000i\000n\000g}{section.40}% 35
\BOOKMARK [2][-]{subsection.44}{\376\377\000C\000a\000u\000s\000a\000l\000\040\000f\000o\000r\000e\000s\000t\000s\000\040\000a\000n\000d\000\040\000h\000e\000t\000e\000r\000o\000g\000e\000n\000e\000o\000u\000s\000\040\000e\000f\000f\000e\000c\000t\000s}{section.40}% 36
\BOOKMARK [2][-]{subsection.45}{\376\377\000O\000v\000e\000r\000l\000a\000p\000\040\000a\000n\000d\000\040\000e\000m\000p\000i\000r\000i\000c\000a\000l\000\040\000s\000u\000p\000p\000o\000r\000t}{section.40}% 37
\BOOKMARK [2][-]{subsection.46}{\376\377\000O\000m\000i\000t\000t\000e\000d\000-\000v\000a\000r\000i\000a\000b\000l\000e\000\040\000s\000e\000n\000s\000i\000t\000i\000v\000i\000t\000y\000\040\000a\000n\000d\000\040\000d\000i\000a\000g\000n\000o\000s\000t\000i\000c\000\040\000w\000o\000r\000k\000f\000l\000o\000w\000s}{section.40}% 38
\BOOKMARK [2][-]{subsection.47}{\376\377\000P\000o\000s\000i\000t\000i\000o\000n\000i\000n\000g\000\040\000o\000f\000\040\000t\000h\000e\000\040\000p\000r\000e\000s\000e\000n\000t\000\040\000s\000t\000u\000d\000y}{section.40}% 39
\BOOKMARK [0][-]{chapter.48}{\376\377\000P\000r\000o\000b\000l\000e\000m\000\040\000D\000e\000f\000i\000n\000i\000t\000i\000o\000n\000\040\000a\000n\000d\000\040\000S\000t\000u\000d\000y\000\040\000D\000e\000s\000i\000g\000n}{}% 40
\BOOKMARK [1][-]{section.49}{\376\377\000D\000a\000t\000a\000s\000e\000t\000-\000S\000p\000e\000c\000i\000f\000i\000c\000\040\000O\000b\000s\000e\000r\000v\000a\000t\000i\000o\000n\000a\000l\000\040\000T\000e\000s\000t\000b\000e\000d\000\040\000C\000o\000n\000t\000r\000a\000c\000t}{chapter.48}% 41
\BOOKMARK [1][-]{section.50}{\376\377\000U\000n\000i\000t\000s\000,\000\040\000T\000i\000m\000e\000\040\000H\000o\000r\000i\000z\000o\000n\000s\000,\000\040\000a\000n\000d\000\040\000D\000a\000t\000a\000\040\000O\000b\000j\000e\000c\000t\000s}{chapter.48}% 42
\BOOKMARK [1][-]{section.51}{\376\377\000D\000e\000s\000i\000g\000n\000-\000T\000i\000m\000e\000\040\000K\000n\000o\000w\000l\000e\000d\000g\000e\000\040\000C\000o\000n\000s\000t\000r\000u\000c\000t\000i\000o\000n\000\040\000a\000n\000d\000\040\000E\000x\000e\000c\000u\000t\000e\000d\000\040\000A\000n\000a\000l\000y\000s\000i\000s}{chapter.48}% 43
\BOOKMARK [1][-]{section.52}{\376\377\000P\000r\000e\000d\000i\000c\000t\000i\000o\000n\000\040\000T\000a\000s\000k}{chapter.48}% 44
\BOOKMARK [1][-]{section.53}{\376\377\000C\000a\000u\000s\000a\000l\000\040\000Q\000u\000e\000s\000t\000i\000o\000n\000,\000\040\000E\000x\000p\000o\000s\000u\000r\000e\000s\000,\000\040\000O\000u\000t\000c\000o\000m\000e\000,\000\040\000E\000s\000t\000i\000m\000a\000n\000d\000s\000,\000\040\000A\000s\000s\000u\000m\000p\000t\000i\000o\000n\000s}{chapter.48}% 45
\BOOKMARK [0][-]{chapter.54}{\376\377\000D\000a\000t\000a\000\040\000a\000n\000d\000\040\000P\000r\000e\000p\000r\000o\000c\000e\000s\000s\000i\000n\000g}{}% 46
\BOOKMARK [1][-]{section.55}{\376\377\000P\000h\000y\000s\000i\000o\000N\000e\000t\000\040\0002\0000\0001\0002\000\040\000P\000i\000p\000e\000l\000i\000n\000e}{chapter.54}% 47
\BOOKMARK [1][-]{section.56}{\376\377\000M\000I\000M\000I\000C\000-\000I\000I\000I\000\040\000P\000i\000p\000e\000l\000i\000n\000e}{chapter.54}% 48
\BOOKMARK [1][-]{section.57}{\376\377\000S\000T\000r\000a\000T\000S\000\040\000S\000p\000l\000i\000t\000-\000A\000w\000a\000r\000e\000\040\000A\000r\000t\000i\000f\000a\000c\000t\000s\000\040\000V\000e\000r\000s\000u\000s\000\040\000C\000a\000u\000s\000a\000l\000\040\000A\000r\000t\000i\000f\000a\000c\000t\000s}{chapter.54}% 49
\BOOKMARK [0][-]{chapter.59}{\376\377\000C\000l\000i\000n\000i\000c\000a\000l\000\040\000P\000r\000o\000x\000y\000-\000S\000t\000a\000t\000e\000\040\000C\000o\000n\000s\000t\000r\000u\000c\000t\000i\000o\000n}{}% 50
\BOOKMARK [1][-]{section.60}{\376\377\000R\000a\000t\000i\000o\000n\000a\000l\000e\000\040\000a\000n\000d\000\040\000T\000e\000r\000m\000i\000n\000o\000l\000o\000g\000y}{chapter.59}% 51
\BOOKMARK [2][-]{subsection.61}{\376\377\000L\000L\000M\000-\000A\000s\000s\000i\000s\000t\000e\000d\000\040\000D\000e\000s\000i\000g\000n\000\040\000o\000f\000\040\000P\000r\000o\000x\000y\000\040\000S\000t\000a\000t\000e\000s\000,\000\040\000R\000u\000l\000e\000s\000,\000\040\000a\000n\000d\000\040\000D\000A\000G\000s}{section.60}% 52
\BOOKMARK [1][-]{section.63}{\376\377\000P\000h\000y\000s\000i\000o\000N\000e\000t\000\040\000P\000r\000o\000x\000y\000-\000S\000t\000a\000t\000e\000\040\000R\000u\000l\000e\000s}{chapter.59}% 53
\BOOKMARK [1][-]{section.65}{\376\377\000M\000I\000M\000I\000C\000\040\000P\000r\000o\000x\000y\000-\000S\000t\000a\000t\000e\000\040\000R\000u\000l\000e\000s\000\040\000a\000n\000d\000\040\000V\000a\000l\000i\000d\000a\000t\000i\000o\000n\000\040\000A\000r\000t\000i\000f\000a\000c\000t\000s}{chapter.59}% 54
\BOOKMARK [1][-]{section.67}{\376\377\000P\000r\000e\000d\000i\000c\000t\000e\000d\000\040\000a\000n\000d\000\040\000A\000g\000g\000r\000e\000g\000a\000t\000e\000d\000\040\000P\000r\000o\000x\000y\000\040\000L\000a\000b\000e\000l\000s}{chapter.59}% 55
\BOOKMARK [0][-]{chapter.68}{\376\377\000P\000r\000e\000d\000i\000c\000t\000i\000v\000e\000\040\000M\000o\000d\000e\000l\000i\000n\000g\000\040\000o\000f\000\040\000P\000r\000o\000x\000y\000\040\000S\000t\000a\000t\000e\000s}{}% 56
\BOOKMARK [1][-]{section.69}{\376\377\000S\000e\000l\000f\000-\000S\000u\000p\000e\000r\000v\000i\000s\000e\000d\000\040\000S\000T\000r\000a\000T\000S\000\040\000P\000r\000e\000t\000r\000a\000i\000n\000i\000n\000g}{chapter.68}% 57
\BOOKMARK [1][-]{section.70}{\376\377\000S\000u\000p\000e\000r\000v\000i\000s\000e\000d\000\040\000M\000u\000l\000t\000i\000-\000L\000a\000b\000e\000l\000\040\000M\000o\000d\000e\000l\000s}{chapter.68}% 58
\BOOKMARK [1][-]{section.71}{\376\377\000P\000r\000e\000d\000i\000c\000t\000i\000o\000n\000\040\000E\000x\000p\000o\000r\000t\000\040\000a\000n\000d\000\040\000N\000o\000r\000m\000a\000l\000i\000z\000a\000t\000i\000o\000n}{chapter.68}% 59
\BOOKMARK [0][-]{chapter.72}{\376\377\000C\000a\000u\000s\000a\000l\000\040\000G\000r\000a\000p\000h\000\040\000a\000n\000d\000\040\000E\000f\000f\000e\000c\000t\000-\000E\000s\000t\000i\000m\000a\000t\000i\000o\000n\000\040\000M\000e\000t\000h\000o\000d\000o\000l\000o\000g\000y}{}% 60
\BOOKMARK [1][-]{section.73}{\376\377\000D\000a\000t\000a\000s\000e\000t\000-\000S\000p\000e\000c\000i\000f\000i\000c\000\040\000D\000A\000G\000s}{chapter.72}% 61
\BOOKMARK [1][-]{section.76}{\376\377\000A\000d\000j\000u\000s\000t\000m\000e\000n\000t\000-\000S\000e\000t\000\040\000L\000o\000g\000i\000c}{chapter.72}% 62
\BOOKMARK [1][-]{section.78}{\376\377\000M\000a\000t\000c\000h\000i\000n\000g\000\040\000a\000n\000d\000\040\000H\000e\000t\000e\000r\000o\000g\000e\000n\000e\000o\000u\000s\000-\000E\000f\000f\000e\000c\000t\000\040\000E\000s\000t\000i\000m\000a\000t\000o\000r\000s}{chapter.72}% 63
\BOOKMARK [0][-]{chapter.80}{\376\377\000C\000o\000n\000v\000e\000r\000g\000i\000n\000g\000-\000E\000v\000i\000d\000e\000n\000c\000e\000\040\000E\000v\000a\000l\000u\000a\000t\000i\000o\000n\000,\000\040\000R\000o\000b\000u\000s\000t\000n\000e\000s\000s\000,\000\040\000a\000n\000d\000\040\000S\000e\000n\000s\000i\000t\000i\000v\000i\000t\000y}{}% 64
\BOOKMARK [1][-]{section.81}{\376\377\000C\000o\000n\000v\000e\000r\000g\000i\000n\000g\000-\000E\000v\000i\000d\000e\000n\000c\000e\000\040\000A\000x\000e\000s}{chapter.80}% 65
\BOOKMARK [2][-]{subsection.82}{\376\377\000C\000o\000n\000s\000t\000r\000u\000c\000t\000\040\000p\000l\000a\000u\000s\000i\000b\000i\000l\000i\000t\000y}{section.81}% 66
\BOOKMARK [2][-]{subsection.83}{\376\377\000P\000r\000o\000x\000y\000\040\000r\000e\000c\000o\000v\000e\000r\000a\000b\000i\000l\000i\000t\000y\000\040\000a\000n\000d\000\040\000m\000o\000r\000t\000a\000l\000i\000t\000y\000-\000r\000e\000l\000e\000v\000a\000n\000t\000\040\000p\000r\000e\000d\000i\000c\000t\000i\000v\000e\000\040\000i\000n\000f\000o\000r\000m\000a\000t\000i\000o\000n}{section.81}% 67
\BOOKMARK [2][-]{subsection.84}{\376\377\000C\000r\000o\000s\000s\000-\000e\000s\000t\000i\000m\000a\000t\000o\000r\000\040\000s\000t\000a\000b\000i\000l\000i\000t\000y}{section.81}% 68
\BOOKMARK [2][-]{subsection.85}{\376\377\000C\000l\000i\000n\000i\000c\000a\000l\000-\000l\000i\000t\000e\000r\000a\000t\000u\000r\000e\000\040\000c\000o\000m\000p\000a\000r\000i\000s\000o\000n}{section.81}% 69
\BOOKMARK [1][-]{section.86}{\376\377\000P\000o\000p\000u\000l\000a\000t\000i\000o\000n\000s\000\040\000a\000n\000d\000\040\000E\000x\000p\000e\000r\000i\000m\000e\000n\000t\000\040\000F\000a\000m\000i\000l\000i\000e\000s}{chapter.80}% 70
\BOOKMARK [2][-]{subsection.87}{\376\377\000P\000r\000e\000d\000i\000c\000t\000i\000v\000e\000\040\000e\000x\000p\000e\000r\000i\000m\000e\000n\000t\000s}{section.86}% 71
\BOOKMARK [2][-]{subsection.88}{\376\377\000C\000a\000u\000s\000a\000l\000\040\000e\000x\000p\000e\000r\000i\000m\000e\000n\000t\000s\000\040\000a\000n\000d\000\040\000p\000o\000p\000u\000l\000a\000t\000i\000o\000n\000\040\000h\000i\000e\000r\000a\000r\000c\000h\000y}{section.86}% 72
\BOOKMARK [1][-]{section.89}{\376\377\000E\000x\000e\000c\000u\000t\000e\000d\000\040\000S\000e\000t\000t\000i\000n\000g\000s\000\040\000a\000n\000d\000\040\000P\000r\000o\000v\000e\000n\000a\000n\000c\000e\000\040\000S\000t\000a\000t\000u\000s}{chapter.80}% 73
\BOOKMARK [1][-]{section.91}{\376\377\000M\000a\000t\000c\000h\000i\000n\000g\000\040\000a\000n\000d\000\040\000E\000m\000p\000i\000r\000i\000c\000a\000l\000\040\000S\000u\000p\000p\000o\000r\000t}{chapter.80}% 74
\BOOKMARK [1][-]{section.92}{\376\377\000P\000e\000r\000m\000u\000t\000a\000t\000i\000o\000n\000\040\000o\000r\000\040\000D\000i\000s\000r\000u\000p\000t\000i\000o\000n\000\040\000C\000h\000e\000c\000k\000s}{chapter.80}% 75
\BOOKMARK [1][-]{section.93}{\376\377\000O\000m\000i\000t\000t\000e\000d\000-\000V\000a\000r\000i\000a\000b\000l\000e\000\040\000S\000e\000n\000s\000i\000t\000i\000v\000i\000t\000y}{chapter.80}% 76
\BOOKMARK [1][-]{section.94}{\376\377\000P\000o\000p\000u\000l\000a\000t\000i\000o\000n\000\040\000P\000e\000r\000t\000u\000r\000b\000a\000t\000i\000o\000n}{chapter.80}% 77
\BOOKMARK [1][-]{section.95}{\376\377\000P\000r\000o\000v\000e\000n\000a\000n\000c\000e\000,\000\040\000E\000v\000i\000d\000e\000n\000c\000e\000\040\000A\000d\000m\000i\000s\000s\000i\000o\000n\000,\000\040\000a\000n\000d\000\040\000R\000e\000p\000r\000o\000d\000u\000c\000i\000b\000i\000l\000i\000t\000y\000\040\000B\000o\000u\000n\000d\000a\000r\000i\000e\000s}{chapter.80}% 78
\BOOKMARK [1][-]{section.96}{\376\377\000S\000y\000n\000t\000h\000e\000s\000i\000s\000\040\000o\000f\000\040\000t\000h\000e\000\040\000N\000o\000n\000-\000E\000q\000u\000i\000v\000a\000l\000e\000n\000t\000\040\000A\000x\000e\000s}{chapter.80}% 79
\BOOKMARK [0][-]{chapter.97}{\376\377\000R\000e\000s\000u\000l\000t\000s}{}% 80
\BOOKMARK [1][-]{section.98}{\376\377\000A\000n\000a\000l\000y\000s\000i\000s\000-\000P\000o\000p\000u\000l\000a\000t\000i\000o\000n\000\040\000C\000o\000u\000n\000t\000s}{chapter.97}% 81
\BOOKMARK [1][-]{section.99}{\376\377\000C\000o\000n\000s\000t\000r\000u\000c\000t\000\040\000P\000l\000a\000u\000s\000i\000b\000i\000l\000i\000t\000y}{chapter.97}% 82
\BOOKMARK [1][-]{section.100}{\376\377\000P\000r\000o\000x\000y\000\040\000R\000e\000c\000o\000v\000e\000r\000a\000b\000i\000l\000i\000t\000y}{chapter.97}% 83
\BOOKMARK [1][-]{section.102}{\376\377\000M\000o\000r\000t\000a\000l\000i\000t\000y\000-\000R\000e\000l\000e\000v\000a\000n\000t\000\040\000P\000r\000e\000d\000i\000c\000t\000i\000v\000e\000\040\000I\000n\000f\000o\000r\000m\000a\000t\000i\000o\000n}{chapter.97}% 84
\BOOKMARK [1][-]{section.103}{\376\377\000P\000r\000i\000m\000a\000r\000y\000\040\000C\000a\000u\000s\000a\000l\000F\000o\000r\000e\000s\000t\000D\000M\000L\000\040\000R\000e\000s\000u\000l\000t\000s}{chapter.97}% 85
\BOOKMARK [1][-]{section.108}{\376\377\000M\000a\000t\000c\000h\000i\000n\000g\000\040\000a\000n\000d\000\040\000E\000m\000p\000i\000r\000i\000c\000a\000l\000\040\000S\000u\000p\000p\000o\000r\000t}{chapter.97}% 86
\BOOKMARK [1][-]{section.110}{\376\377\000L\000i\000n\000e\000a\000r\000D\000M\000L\000\040\000C\000o\000m\000p\000a\000r\000i\000s\000o\000n}{chapter.97}% 87
\BOOKMARK [1][-]{section.112}{\376\377\000C\000a\000u\000s\000a\000l\000P\000F\000N\000\040\000E\000x\000p\000l\000o\000r\000a\000t\000o\000r\000y\000\040\000R\000e\000s\000u\000l\000t\000s}{chapter.97}% 88
\BOOKMARK [2][-]{subsection.115}{\376\377\000S\000i\000g\000n\000,\000\040\000r\000a\000n\000k\000,\000\040\000a\000n\000d\000\040\000m\000a\000g\000n\000i\000t\000u\000d\000e\000\040\000s\000t\000a\000b\000i\000l\000i\000t\000y}{section.112}% 89
\BOOKMARK [1][-]{section.117}{\376\377\000C\000r\000o\000s\000s\000-\000D\000a\000t\000a\000s\000e\000t\000\040\000C\000o\000m\000p\000a\000r\000i\000s\000o\000n}{chapter.97}% 90
\BOOKMARK [1][-]{section.118}{\376\377\000C\000l\000i\000n\000i\000c\000a\000l\000-\000L\000i\000t\000e\000r\000a\000t\000u\000r\000e\000\040\000C\000o\000m\000p\000a\000r\000i\000s\000o\000n}{chapter.97}% 91
\BOOKMARK [1][-]{section.120}{\376\377\000R\000o\000b\000u\000s\000t\000n\000e\000s\000s\000\040\000a\000n\000d\000\040\000S\000e\000n\000s\000i\000t\000i\000v\000i\000t\000y}{chapter.97}% 92
\BOOKMARK [2][-]{subsection.121}{\376\377\000O\000u\000t\000c\000o\000m\000e\000-\000d\000o\000w\000n\000s\000a\000m\000p\000l\000e\000d\000\040\000a\000n\000a\000l\000y\000s\000e\000s}{section.120}% 93
\BOOKMARK [2][-]{subsection.122}{\376\377\000S\000e\000n\000s\000i\000t\000i\000v\000i\000t\000y\000,\000\040\000p\000e\000r\000m\000u\000t\000a\000t\000i\000o\000n\000,\000\040\000a\000n\000d\000\040\000s\000u\000p\000p\000o\000r\000t\000\040\000d\000i\000a\000g\000n\000o\000s\000t\000i\000c\000s}{section.120}% 94
\BOOKMARK [2][-]{subsection.124}{\376\377\000R\000e\000s\000u\000l\000t\000\040\000p\000r\000o\000v\000e\000n\000a\000n\000c\000e\000\040\000b\000o\000u\000n\000d\000a\000r\000y}{section.120}% 95
\BOOKMARK [2][-]{subsection.125}{\376\377\000C\000o\000n\000v\000e\000r\000g\000i\000n\000g\000-\000e\000v\000i\000d\000e\000n\000c\000e\000\040\000s\000y\000n\000t\000h\000e\000s\000i\000s}{section.120}% 96
\BOOKMARK [0][-]{chapter.126}{\376\377\000D\000i\000s\000c\000u\000s\000s\000i\000o\000n}{}% 97
\BOOKMARK [1][-]{section.127}{\376\377\000A\000n\000s\000w\000e\000r\000i\000n\000g\000\040\000t\000h\000e\000\040\000R\000e\000s\000e\000a\000r\000c\000h\000\040\000Q\000u\000e\000s\000t\000i\000o\000n\000s}{chapter.126}% 98
\BOOKMARK [2][-]{subsection.128}{\376\377\000M\000a\000i\000n\000\040\000R\000e\000s\000e\000a\000r\000c\000h\000\040\000Q\000u\000e\000s\000t\000i\000o\000n}{section.127}% 99
\BOOKMARK [2][-]{subsection.129}{\376\377\000S\000R\000Q\000-\0001\040\024\000R\000e\000p\000r\000e\000s\000e\000n\000t\000a\000t\000i\000o\000n\000\040\000I\000n\000s\000t\000a\000n\000t\000i\000a\000t\000i\000o\000n}{section.127}% 100
\BOOKMARK [2][-]{subsection.130}{\376\377\000S\000R\000Q\000-\0002\040\024\000C\000o\000n\000t\000r\000a\000c\000t\000s\000,\000\040\000A\000g\000g\000r\000e\000g\000a\000t\000i\000o\000n\000,\000\040\000D\000A\000G\000,\000\040\000a\000n\000d\000\040\000P\000r\000o\000v\000e\000n\000a\000n\000c\000e}{section.127}% 101
\BOOKMARK [2][-]{subsection.131}{\376\377\000S\000R\000Q\000-\0003\040\024\000R\000e\000c\000o\000v\000e\000r\000a\000b\000i\000l\000i\000t\000y\000\040\000a\000n\000d\000\040\000M\000o\000r\000t\000a\000l\000i\000t\000y\000-\000R\000e\000l\000e\000v\000a\000n\000t\000\040\000I\000n\000f\000o\000r\000m\000a\000t\000i\000o\000n}{section.127}% 102
\BOOKMARK [2][-]{subsection.132}{\376\377\000S\000R\000Q\000-\0004\040\024\000C\000o\000n\000v\000e\000r\000g\000i\000n\000g\000\040\000E\000v\000i\000d\000e\000n\000c\000e}{section.127}% 103
\BOOKMARK [2][-]{subsection.134}{\376\377\000C\000r\000o\000s\000s\000-\000D\000a\000t\000a\000s\000e\000t\000\040\000I\000n\000t\000e\000r\000p\000r\000e\000t\000a\000t\000i\000o\000n\000\040\000a\000n\000d\000\040\000R\000o\000b\000u\000s\000t\000n\000e\000s\000s}{section.127}% 104
\BOOKMARK [2][-]{subsection.135}{\376\377\000R\000e\000l\000a\000t\000i\000o\000n\000s\000h\000i\000p\000\040\000t\000o\000\040\000P\000r\000i\000o\000r\000\040\000W\000o\000r\000k\000\040\000a\000n\000d\000\040\000M\000e\000t\000h\000o\000d\000o\000l\000o\000g\000i\000c\000a\000l\000\040\000I\000m\000p\000l\000i\000c\000a\000t\000i\000o\000n\000s}{section.127}% 105
\BOOKMARK [2][-]{subsection.136}{\376\377\000S\000R\000Q\000-\0005\040\024\000L\000i\000m\000i\000t\000a\000t\000i\000o\000n\000s\000\040\000a\000n\000d\000\040\000A\000p\000p\000r\000o\000p\000r\000i\000a\000t\000e\000\040\000U\000s\000e}{section.127}% 106
\BOOKMARK [1][-]{section.138}{\376\377\000L\000i\000m\000i\000t\000a\000t\000i\000o\000n\000s\000\040\000a\000n\000d\000\040\000T\000h\000r\000e\000a\000t\000s\000\040\000t\000o\000\040\000V\000a\000l\000i\000d\000i\000t\000y}{chapter.126}% 107
\BOOKMARK [2][-]{subsection.139}{\376\377\000C\000o\000n\000s\000t\000r\000u\000c\000t\000\040\000a\000n\000d\000\040\000M\000e\000a\000s\000u\000r\000e\000m\000e\000n\000t\000\040\000V\000a\000l\000i\000d\000i\000t\000y}{section.138}% 108
\BOOKMARK [2][-]{subsection.140}{\376\377\000C\000a\000u\000s\000a\000l\000\040\000I\000d\000e\000n\000t\000i\000f\000i\000c\000a\000t\000i\000o\000n\000\040\000a\000n\000d\000\040\000E\000s\000t\000i\000m\000a\000n\000d\000\040\000V\000a\000l\000i\000d\000i\000t\000y}{section.138}% 109
\BOOKMARK [2][-]{subsection.141}{\376\377\000S\000t\000a\000t\000i\000s\000t\000i\000c\000a\000l\000,\000\040\000M\000o\000d\000e\000l\000i\000n\000g\000,\000\040\000a\000n\000d\000\040\000S\000u\000p\000p\000o\000r\000t\000\040\000L\000i\000m\000i\000t\000a\000t\000i\000o\000n\000s}{section.138}% 110
\BOOKMARK [2][-]{subsection.142}{\376\377\000E\000x\000t\000e\000r\000n\000a\000l\000\040\000V\000a\000l\000i\000d\000i\000t\000y\000\040\000a\000n\000d\000\040\000G\000e\000n\000e\000r\000a\000l\000i\000z\000a\000b\000i\000l\000i\000t\000y}{section.138}% 111
\BOOKMARK [2][-]{subsection.143}{\376\377\000R\000e\000p\000r\000o\000d\000u\000c\000i\000b\000i\000l\000i\000t\000y\000\040\000a\000n\000d\000\040\000P\000r\000o\000v\000e\000n\000a\000n\000c\000e}{section.138}% 112
\BOOKMARK [2][-]{subsection.144}{\376\377\000L\000L\000M\000-\000A\000s\000s\000i\000s\000t\000e\000d\000\040\000D\000e\000s\000i\000g\000n\000\040\000L\000a\000y\000e\000r}{section.138}% 113
\BOOKMARK [2][-]{subsection.145}{\376\377\000E\000t\000h\000i\000c\000a\000l\000\040\000a\000n\000d\000\040\000C\000l\000i\000n\000i\000c\000a\000l\000-\000D\000e\000p\000l\000o\000y\000m\000e\000n\000t\000\040\000C\000o\000n\000s\000i\000d\000e\000r\000a\000t\000i\000o\000n\000s}{section.138}% 114
\BOOKMARK [0][-]{chapter.146}{\376\377\000C\000o\000n\000c\000l\000u\000s\000i\000o\000n\000s\000\040\000a\000n\000d\000\040\000F\000u\000t\000u\000r\000e\000\040\000W\000o\000r\000k}{}% 115
\BOOKMARK [1][-]{section.147}{\376\377\000S\000u\000m\000m\000a\000r\000y\000\040\000o\000f\000\040\000t\000h\000e\000\040\000S\000t\000u\000d\000y}{chapter.146}% 116
\BOOKMARK [1][-]{section.148}{\376\377\000M\000a\000i\000n\000\040\000F\000i\000n\000d\000i\000n\000g\000s\000\040\000a\000n\000d\000\040\000C\000o\000n\000t\000r\000i\000b\000u\000t\000i\000o\000n\000s}{chapter.146}% 117
\BOOKMARK [1][-]{section.149}{\376\377\000L\000i\000m\000i\000t\000a\000t\000i\000o\000n\000s\000\040\000o\000f\000\040\000t\000h\000e\000\040\000C\000o\000n\000c\000l\000u\000s\000i\000o\000n\000s}{chapter.146}% 118
\BOOKMARK [1][-]{section.150}{\376\377\000F\000u\000t\000u\000r\000e\000\040\000W\000o\000r\000k}{chapter.146}% 119
\BOOKMARK [1][-]{section.151}{\376\377\000C\000l\000o\000s\000i\000n\000g\000\040\000P\000e\000r\000s\000p\000e\000c\000t\000i\000v\000e}{chapter.146}% 120
\BOOKMARK [0][-]{appendix.152}{\376\377\000R\000e\000p\000r\000o\000d\000u\000c\000i\000b\000i\000l\000i\000t\000y\000\040\000a\000n\000d\000\040\000E\000v\000i\000d\000e\000n\000c\000e\000\040\000B\000o\000u\000n\000d\000a\000r\000y}{}% 121
\BOOKMARK [1][-]{section.153}{\376\377\000C\000u\000r\000r\000e\000n\000t\000\040\000r\000e\000p\000r\000o\000d\000u\000c\000i\000b\000i\000l\000i\000t\000y\000\040\000i\000n\000t\000e\000r\000f\000a\000c\000e}{appendix.152}% 122
\BOOKMARK [1][-]{section.154}{\376\377\000R\000e\000p\000o\000s\000i\000t\000o\000r\000y\000\040\000s\000e\000t\000u\000p}{appendix.152}% 123
\BOOKMARK [1][-]{section.155}{\376\377\000P\000y\000t\000h\000o\000n\000\040\0003\000.\0001\0000\000\040\000e\000n\000v\000i\000r\000o\000n\000m\000e\000n\000t\000\040\000a\000n\000d\000\040\000d\000e\000p\000e\000n\000d\000e\000n\000c\000i\000e\000s}{appendix.152}% 124
\BOOKMARK [1][-]{section.156}{\376\377\000S\000o\000u\000r\000c\000e\000-\000d\000a\000t\000a\000\040\000a\000c\000c\000e\000s\000s}{appendix.152}% 125
\BOOKMARK [1][-]{section.157}{\376\377\000D\000e\000f\000a\000u\000l\000t\000\040\000a\000n\000d\000\040\000e\000x\000t\000e\000r\000n\000a\000l\000\040\000d\000a\000t\000a\000\040\000l\000o\000c\000a\000t\000i\000o\000n\000s}{appendix.152}% 126
\BOOKMARK [1][-]{section.158}{\376\377\000C\000o\000n\000s\000t\000r\000u\000c\000t\000i\000n\000g\000\040\000t\000h\000e\000\040\000r\000e\000u\000s\000a\000b\000l\000e\000\040\000d\000a\000t\000a\000s\000e\000t\000s}{appendix.152}% 127
\BOOKMARK [1][-]{section.159}{\376\377\000R\000u\000n\000n\000i\000n\000g\000\040\000t\000h\000e\000\040\000c\000o\000m\000p\000l\000e\000t\000e\000\040\000p\000i\000p\000e\000l\000i\000n\000e}{appendix.152}% 128
\BOOKMARK [1][-]{section.160}{\376\377\000R\000e\000p\000r\000o\000d\000u\000c\000i\000b\000i\000l\000i\000t\000y\000\040\000b\000o\000u\000n\000d\000a\000r\000y\000\040\000a\000n\000d\000\040\000l\000i\000m\000i\000t\000a\000t\000i\000o\000n\000s}{appendix.152}% 129
\BOOKMARK [0][-]{appendix*.161}{\376\377\000B\000i\000b\000l\000i\000o\000g\000r\000a\000p\000h\000y}{}% 130
